// 重构日志: 00aa12ea
// 重构日志: bf57e8a8
// 重构日志: a827bf9c
// 重构日志: 05e74107
// 重构日志: 928e18ff
// 重构日志: c7219bac
// 重构日志: ee2f29fe
// 重构日志: 4601c4a1
// 同步 ID: f65aec87 @ Mon Jul 27 01:43:18 UTC 2026
// 重构日志: c484176c
// 重构日志: fb7f31b7
// 重构日志: 73c0a8bb
// 重构日志: ddbc7134
// 同步 ID: b20e9c74 @ Fri Jul 31 17:26:42 UTC 2026
// 同步 ID: 9b2b4df0 @ Sat Aug  1 17:03:19 UTC 2026
// 重构日志: 895a2b29
// 重构日志: aff8420e
// 重构日志: a7739087
// 重构日志: 488b74f5
// 重构日志: cbfe01d0
// 同步 ID: 4c927395 @ Tue Aug  4 17:36:18 UTC 2026
// 同步 ID: 8f776316 @ Wed Aug  5 01:28:27 UTC 2026
// 重构日志: 4bbea60b
// 重构日志: 7b0595d5
// 重构日志: 9e987c94
// 重构日志: 56bc8aea
// 重构日志: af8db788
// 重构日志: 0906e1a0
// 重构日志: 4d6648ee
// 同步 ID: 3ba01249 @ Sat Aug  8 00:56:02 UTC 2026
// 重构日志: 807b205c
